SQL> INSERT INTO PROFESOR
  2  VALUES(6666,'CARMEN',3,'CD');

1 row created.

SQL> INSERT INTO PROFESOR
  2  VALUES(7777,'MARIO',2,'TU');

1 row created.

SQL> INSERT INTO PROFESOR
  2  VALUES(8888,'FRANCISCO',5,'TU');

1 row created.

SQL> INSERT INTO PROFESOR
  2  VALUES(9999,'ANGELA',8,'TEU');

1 row created.

SQL> INSERT INTO PROFESOR
  2  VALUES(9999,'ANGELA',8,'TEU');
INSERT INTO PROFESOR
*
ERROR at line 1:
ORA-00001: unique constraint (ALU0101020730.SYS_C0072231) violated 


SQL> INSERT INTO PROFESOR
  2  VALUES(1010,'DAVID',4,'TU');

1 row created.

SQL> INSERT INTO PROFESOR
  2  VALUES(2020,'SOLEDAD',7,'CU');

1 row created.

SQL> INSERT INTO PROFESOR
  2  VALUES(3030,'JOSE MANUEL',6,'TEU');

1 row created.

SQL> INSERT INTO ASIGNATURA
  2  VALUES(1,'BASE DE DATOS','GII',3,7,3,1.5,1.5);

1 row created.

SQL> INSERT INTO ASIGNATURA
  2  VALUES(2,'INTELIGENCIA ARTIFICIAL','GII',3,4,1.5,1.5,3);

1 row created.

SQL> INSERT INTO ASIGNATURA
  2  VALUES(3,'ALMACENES DE DATOS','MII',1,7,1.5,0,1.5);

1 row created.

SQL> INSERT INTO ASIGNATURA
  2  VALUES(4,'MINERIA DE DATOS','MII',1,7,1.5,0,1.5);

1 row created.

SQL> INSERT INTO ASIGNATURA
  2  VALUES(5,'INFORMATICA BASICA','GII',1,7,3,1.5,1.5);

1 row created.

SQL> INSERT INTO ASIGNATURA
  2  VALUES(6,'ALGEBRA','GII',1,1,3,3,0);

1 row created.

SQL> INSERT INTO ASIGNATURA
  2  VALUES(7,'CALCULO','GII',1,8,3,3,0);

1 row created.

SQL> INSERT INTO ASIGNATURA
  2  VALUES(8,'OPTIMIZACION','GII',1,6,3,1.5,1.5);

1 row created.

SQL> INSERT INTO ASIGNATURA
  2  VALUES(9,'GESTION DE RIESGOS','GII',3,4,3,0,3);

1 row created.

SQL> INSERT INTO ASIGNATURA
  2  VALUES(10,'ASTRONOMIA','GF',2,3,3,1.5,1.5);

1 row created.

SQL> INSERT INTO ASIGNATURA
  2  VALUES(10,'ENSENANZA DE LA MATEMATICA','GM',2,5,6,0,0);
INSERT INTO ASIGNATURA
*
ERROR at line 1:
ORA-00001: unique constraint (ALU0101020730.SYS_C0072340) violated 


SQL> INSERT INTO ASIGNATURA
  2  VALUES(11,'ENSENANZA DE LA MATEMATICA','GM',2,5,6,0,0);

1 row created.

SQL> INSERT INTO ASIGNATURA
  2  VALUES(12,'ANALISIS COMPLEJO','GM',4,2,4.5,3,0);

1 row created.

SQL> INSERT INTO PLAN_DOCENTE
  2  VALUES(4444,1,3,1.5,1.5,'01-SEP-11',NULL);

1 row created.

SQL> INSERT INTO PLAN_DOCENTE
  2  VALUES(4444,4,1.5,0,1.5,'01-SEP-08','31-AGO-10');
VALUES(4444,4,1.5,0,1.5,'01-SEP-08','31-AGO-10')
                                    *
ERROR at line 2:
ORA-01843: not a valid month 


SQL> INSERT INTO PLAN_DOCENTE
  2  VALUES(4444,4,1.5,0,1.5,'01-SEP-08','31-08-10');
VALUES(4444,4,1.5,0,1.5,'01-SEP-08','31-08-10')
                                    *
ERROR at line 2:
ORA-01843: not a valid month 


SQL> INSERT INTO PLAN_DOCENTE
  2  VALUES(4444,4,1.5,0,1.5,'01-SEP-08','31-AG-10');
VALUES(4444,4,1.5,0,1.5,'01-SEP-08','31-AG-10')
                                    *
ERROR at line 2:
ORA-01843: not a valid month 


SQL> INSERT INTO PLAN_DOCENTE
  2  VALUES(4444,4,1.5,0,1.5,'01-SEP-08','31-AUG-10');

1 row created.

SQL> INSERT INTO PLAN_DOCENTE
  2  VALUES(4444,5,3,0,0,'01-SEP-10',NULL);

1 row created.

SQL> INSERT INTO PLAN_DOCENTE
  2  VALUES(1111,8,3,1.5,1.5,'01-SEP-07','31-AUG-09');

1 row created.

SQL> INSERT INTO PLAN_DOCENTE
  2  VALUES(1111,8,3,0,0,'01-SEP-09',NULL);

1 row created.

SQL> INSERT INTO PLAN_DOCENTE
  2  VALUES(3030,8,0,1.5,1.5,'01-SEP-09',NULL);

1 row created.

SQL> INSERT INTO PLAN_DOCENTE
  2  VALUES(2222,4,1.5,0,1.5,'01-SEP-09',NULL);

1 row created.

SQL> INSERT INTO PLAN_DOCENTE
  2  VALUES(2222,3,1.5,0,1.5,'01-SEP-09','31-AUG-07');
INSERT INTO PLAN_DOCENTE
*
ERROR at line 1:
ORA-02290: check constraint (ALU0101020730.SYS_C0072371) violated 


SQL> INSERT INTO PLAN_DOCENTE
  2  VALUES(2222,3,1.5,0,1.5,'01-SEP-06','31-AUG-07');

1 row created.

SQL> INSERT INTO PLAN_DOCENTE
  2  VALUES(1010,2,1.5,1.5,3,'01-SEP-05','31-AUG-08');

1 row created.

SQL> INSERT INTO PLAN_DOCENTE
  2  VALUES(3333,2,1.5,1.5,3,'01-SEP-08',NULL);

1 row created.

SQL> INSERT INTO PLAN_DOCENTE
  2  VALUES(1010,9,3,0,3,'01-SEP-08','31-AUG-09');

1 row created.

SQL> INSERT INTO PLAN_DOCENTE
  2  VALUES(1010,9,1.5,0,1.5,'01-SEP-09',NULL);

1 row created.

SQL> INSERT INTO PLAN_DOCENTE
  2  VALUES(9999,7,3,3,0,'01-SEP-10',NULL);

1 row created.

SQL> INSERT INTO PLAN_DOCENTE
  2  VALUES(5555,6,3,3,0,'31-MAR-10',NULL);

1 row created.

SQL> INSERT INTO PLAN_DOCENTE
  2  VALUES(6666,10,3,1.5,1.5,'01-SEP-08','31-AUG-11');

1 row created.

SQL> INSERT INTO PLAN_DOCENTE
  2  VALUES(8888,11,6,0,0,'31-MAR-09',NULL);

1 row created.

SQL> INSERT INTO PLAN_DOCENTE
  2  VALUES(2020,3,1.5,0,1.5,'31-MAdasdasd-09',NULL);
VALUES(2020,3,1.5,0,1.5,'31-MAdasdasd-09',NULL)
                        *
ERROR at line 2:
ORA-01843: not a valid month 


SQL> DELETE FROM PLAN_DOCENTE WHERE DNI=8888
  2  ;

1 row deleted.

SQL> SELECT *
  2  FROM PLAN_DOCENTE;

       DNI        CAS        CTA        CPA        CLA FI        FF             
---------- ---------- ---------- ---------- ---------- --------- ---------      
      4444          1          3        1.5        1.5 01-SEP-11                
      4444          4        1.5          0        1.5 01-SEP-08 31-AUG-10      
      4444          5          3          0          0 01-SEP-10                
      1111          8          3        1.5        1.5 01-SEP-07 31-AUG-09      
      1111          8          3          0          0 01-SEP-09                
      3030          8          0        1.5        1.5 01-SEP-09                
      2222          4        1.5          0        1.5 01-SEP-09                
      2222          3        1.5          0        1.5 01-SEP-06 31-AUG-07      
      1010          2        1.5        1.5          3 01-SEP-05 31-AUG-08      
      3333          2        1.5        1.5          3 01-SEP-08                
      1010          9          3          0          3 01-SEP-08 31-AUG-09      

       DNI        CAS        CTA        CPA        CLA FI        FF             
---------- ---------- ---------- ---------- ---------- --------- ---------      
      1010          9        1.5          0        1.5 01-SEP-09                
      9999          7          3          3          0 01-SEP-10                
      5555          6          3          3          0 31-MAR-10                
      6666         10          3        1.5        1.5 01-SEP-08 31-AUG-11      

15 rows selected.

SQL> INSERT INTO PLAN_DOCENTE
  2  VALUES(8888,11,6,0,0,'31-SEP-09',NULL);
VALUES(8888,11,6,0,0,'31-SEP-09',NULL)
                     *
ERROR at line 2:
ORA-01839: date not valid for month specified 


SQL> INSERT INTO PLAN_DOCENTE
  2  VALUES(8888,11,6,0,0,'01-SEP-09',NULL);

1 row created.

SQL> INSERT INTO PLAN_DOCENTE
  2  VALUES(2020,3,1.5,0,1.5,'01-SEP-08',NULL);

1 row created.

SQL> INSERT INTO PLAN_DOCENTE
  2  VALUES(7777,12,4.5,3,0,'01-SEP-10',NULL);

1 row created.

SQL> INSERT INTO PLAN_DOCENTE
  2  VALUES(3333,9,1.5,0,1.5,'01-SEP-09',NULL);

1 row created.

SQL> WORK
SP2-0042: unknown command "WORK" - rest of line ignored.
SQL> COMMIT
  2  ;

Commit complete.

SQL> SPOOL OFF
