SQL> SELECT A
  2  FROM ASIGNATURA
  3  WHERE
  4  UHASH
  5  ;

*
ERROR at line 5:
ORA-00920: invalid relational operator 


SQL> SELECT A
  2  FROM ASIGNATURA AS JOIN AREA AR
  3  WHERE AS.CAR = AR.CAR AND A;
FROM ASIGNATURA AS JOIN AREA AR
                *
ERROR at line 2:
ORA-00933: SQL command not properly ended 


SQL> SELECT A
  2  FROM ASIGNATURA AS JOIN AREA ARE
  3  ;
FROM ASIGNATURA AS JOIN AREA ARE
                *
ERROR at line 2:
ORA-00933: SQL command not properly ended 


SQL> SELECT A
  2  FROM ASIGNATURA AS; JOIN AREA ARE
  3  ;
FROM ASIGNATURA AS; JOIN AREA ARE
                *
ERROR at line 2:
ORA-00933: SQL command not properly ended 


SQL> SELECT A
  2  FROM ASIGNATURA AS JOIN ON AREA ARE
  3  ;
FROM ASIGNATURA AS JOIN ON AREA ARE
                *
ERROR at line 2:
ORA-00933: SQL command not properly ended 


SQL> SELECT A
  2  FROM ASIGNATURA AS JOIN AREA ARE ON AS.CAR=ARE.CAR
  3  WHERE ARE.AR=[A...];
FROM ASIGNATURA AS JOIN AREA ARE ON AS.CAR=ARE.CAR
                *
ERROR at line 2:
ORA-00933: SQL command not properly ended 


SQL> SELECT A
  2  FROM ASIGNATURA AS FULL JOIN AREA ARE ON AS.CAR=ARE.CAR
  3  WHERE ARE.AR=[A...];
FROM ASIGNATURA AS FULL JOIN AREA ARE ON AS.CAR=ARE.CAR
                *
ERROR at line 2:
ORA-00933: SQL command not properly ended 


SQL> SELECT A
  2  FROM ASIGNATURA
  3  FULL JOIN AREA ON ASIGNATURA.CAR=AREA.CAR
  4  WHERE AREA.AR=[A...];
WHERE AREA.AR=[A...]
              *
ERROR at line 4:
ORA-00936: missing expression 


SQL> SELECT A
  2  FROM ASIGNATURA
  3  FULL JOIN AREA ON ASIGNATURA.CAR=AREA.CAR
  4  WHERE AREA.AR LIKE 'A%';

A                                                                               
--------------------------------------------------                              
ALGEBRA                                                                         
ANALISIS COMPLEJO                                                               
ASTRONOMIA                                                                      

SQL> SELECT A
  2  FROM ASIGNATURA
  3  FULL JOIN AREA
  4  WHERE AREA.AR LIKE 'A%';
WHERE AREA.AR LIKE 'A%'
*
ERROR at line 4:
ORA-00905: missing keyword 


SQL> SELECT A
  2  FROM ASIGNATURA;

A                                                                               
--------------------------------------------------                              
BASE DE DATOS                                                                   
INTELIGENCIA ARTIFICIAL                                                         
ALMACENES DE DATOS                                                              
MINERIA DE DATOS                                                                
INFORMATICA BASICA                                                              
ALGEBRA                                                                         
CALCULO                                                                         
OPTIMIZACION                                                                    
GESTION DE RIESGOS                                                              
ASTRONOMIA                                                                      
ENSENANZA DE LA MATEMATICA                                                      

A                                                                               
--------------------------------------------------                              
ANALISIS COMPLEJO                                                               

12 rows selected.

SQL> INSTER INTO ASIGNATRUA
SP2-0734: unknown command beginning "INSTER INT..." - rest of line ignored.
SQL> INSTERT INTO ASIGNATRUA
SP2-0734: unknown command beginning "INSTERT IN..." - rest of line ignored.
SQL> INSERT INTO ASIGNATRUA
  2  VALUES(12,'ANALISIS COMPLEJO','GM',4,2,4.5,3,0);
INSERT INTO ASIGNATRUA
            *
ERROR at line 1:
ORA-00942: table or view does not exist 


SQL> INSERT INTO ASIGNATURA
  2  VALUES(12,'ANALISIS COMPLEJO','GM',4,2,4.5,3,0);
INSERT INTO ASIGNATURA
*
ERROR at line 1:
ORA-00001: unique constraint (ALU0101020730.SYS_C0072340) violated 


SQL> SELECT *
  2  FROM ASIGNATURA
  3  WHERE CAS =12;

       CAS A                                                  T           CUR   
---------- -------------------------------------------------- ---- ----------   
       CAR         CT         CP         CL                                     
---------- ---------- ---------- ----------                                     
        12 ANALISIS COMPLEJO                                  GM            4   
         2        4.5          3          0                                     
                                                                                

SQL> SET PAGESIZE 20
SQL> SELECT *
  2  FROM ASIGNATURA
  3  WHERE CAS =12;

       CAS A                                                  T           CUR   
---------- -------------------------------------------------- ---- ----------   
       CAR         CT         CP         CL                                     
---------- ---------- ---------- ----------                                     
        12 ANALISIS COMPLEJO                                  GM            4   
         2        4.5          3          0                                     
                                                                                

SQL> SELECT A
  2  FROM ASIGNATURA;

A                                                                               
--------------------------------------------------                              
BASE DE DATOS                                                                   
INTELIGENCIA ARTIFICIAL                                                         
ALMACENES DE DATOS                                                              
MINERIA DE DATOS                                                                
INFORMATICA BASICA                                                              
ALGEBRA                                                                         
CALCULO                                                                         
OPTIMIZACION                                                                    
GESTION DE RIESGOS                                                              
ASTRONOMIA                                                                      
ENSENANZA DE LA MATEMATICA                                                      
ANALISIS COMPLEJO                                                               

12 rows selected.

SQL> SELECT A
  2  FROM ASIGNATURA;

A                                                                               
--------------------------------------------------                              
BASE DE DATOS                                                                   
INTELIGENCIA ARTIFICIAL                                                         
ALMACENES DE DATOS                                                              
MINERIA DE DATOS                                                                
INFORMATICA BASICA                                                              
ALGEBRA                                                                         
CALCULO                                                                         
OPTIMIZACION                                                                    
GESTION DE RIESGOS                                                              
ASTRONOMIA                                                                      
ENSENANZA DE LA MATEMATICA                                                      
ANALISIS COMPLEJO                                                               

12 rows selected.

SQL> SELECT P AS NOMBRE
  2  FROM PROFESOR;

NOMBRE                                                                          
------------------------------------------------------------                    
JUAN                                                                            
CARLOS                                                                          
PEDRO                                                                           
MARIA                                                                           
IVAN                                                                            
CARMEN                                                                          
MARIO                                                                           
FRANCISCO                                                                       
ANGELA                                                                          
DAVID                                                                           
SOLEDAD                                                                         
JOSE MANUEL                                                                     

12 rows selected.

SQL> SELECT *
  2  FROM DEPARTAMENTO NATURAL JOIN AREA;

        CD D                                                                    
---------- ------------------------------------------------------------         
       CAR AR                                                                   
---------- ------------------------------------------------------------         
         1 ANALISIS MATEMATICO                                                  
         5 DIDACTICA DE LA MATEMATICA                                           
                                                                                
         1 ANALISIS MATEMATICO                                                  
         2 ANALISIS MATEMATICO                                                  
                                                                                
         1 ANALISIS MATEMATICO                                                  
         8 MATEMATICA APLICADA                                                  
                                                                                
         2 ASTROFISICA                                                          
         3 ASTRONOMIA Y ASTROFISICA                                             
                                                                                
         3 ESTADISTICA, INVESTIGACION OPERATIVA Y COMPUTACION                   
         4 CIENCIAS DE LA COMPUTACION E INTELIGENCIA ARTIFICIAL                 
                                                                                

        CD D                                                                    
---------- ------------------------------------------------------------         
       CAR AR                                                                   
---------- ------------------------------------------------------------         
         3 ESTADISTICA, INVESTIGACION OPERATIVA Y COMPUTACION                   
         6 ESTADISTICA E INVESTIGACION OPERATIVA                                
                                                                                
         3 ESTADISTICA, INVESTIGACION OPERATIVA Y COMPUTACION                   
         7 LENGUAJES Y SISTEMAS INFORMATICOS                                    
                                                                                
         4 MATEMATICA FUNDAMENTAL                                               
         1 ALGEBRA                                                              
                                                                                

8 rows selected.

SQL> 
SQL> SET LINESIZE 130
SQL> SELECT *
  2  FROM DEPARTAMENTO NATURAL JOIN AREA;

        CD D                                                                   CAR                                                
---------- ------------------------------------------------------------ ----------                                                
AR                                                                                                                                
------------------------------------------------------------                                                                      
         1 ANALISIS MATEMATICO                                                   5                                                
DIDACTICA DE LA MATEMATICA                                                                                                        
                                                                                                                                  
         1 ANALISIS MATEMATICO                                                   2                                                
ANALISIS MATEMATICO                                                                                                               
                                                                                                                                  
         1 ANALISIS MATEMATICO                                                   8                                                
MATEMATICA APLICADA                                                                                                               
                                                                                                                                  
         2 ASTROFISICA                                                           3                                                
ASTRONOMIA Y ASTROFISICA                                                                                                          
                                                                                                                                  
         3 ESTADISTICA, INVESTIGACION OPERATIVA Y COMPUTACION                    4                                                
CIENCIAS DE LA COMPUTACION E INTELIGENCIA ARTIFICIAL                                                                              
                                                                                                                                  

        CD D                                                                   CAR                                                
---------- ------------------------------------------------------------ ----------                                                
AR                                                                                                                                
------------------------------------------------------------                                                                      
         3 ESTADISTICA, INVESTIGACION OPERATIVA Y COMPUTACION                    6                                                
ESTADISTICA E INVESTIGACION OPERATIVA                                                                                             
                                                                                                                                  
         3 ESTADISTICA, INVESTIGACION OPERATIVA Y COMPUTACION                    7                                                
LENGUAJES Y SISTEMAS INFORMATICOS                                                                                                 
                                                                                                                                  
         4 MATEMATICA FUNDAMENTAL                                                1                                                
ALGEBRA                                                                                                                           
                                                                                                                                  

8 rows selected.

SQL> SET LINESIZE 200
SQL> RUN
  1  SELECT *
  2* FROM DEPARTAMENTO NATURAL JOIN AREA

        CD D                                                                   CAR AR                                                                                                                   
---------- ------------------------------------------------------------ ---------- ------------------------------------------------------------                                                         
         1 ANALISIS MATEMATICO                                                   5 DIDACTICA DE LA MATEMATICA                                                                                           
         1 ANALISIS MATEMATICO                                                   2 ANALISIS MATEMATICO                                                                                                  
         1 ANALISIS MATEMATICO                                                   8 MATEMATICA APLICADA                                                                                                  
         2 ASTROFISICA                                                           3 ASTRONOMIA Y ASTROFISICA                                                                                             
         3 ESTADISTICA, INVESTIGACION OPERATIVA Y COMPUTACION                    4 CIENCIAS DE LA COMPUTACION E INTELIGENCIA ARTIFICIAL                                                                 
         3 ESTADISTICA, INVESTIGACION OPERATIVA Y COMPUTACION                    6 ESTADISTICA E INVESTIGACION OPERATIVA                                                                                
         3 ESTADISTICA, INVESTIGACION OPERATIVA Y COMPUTACION                    7 LENGUAJES Y SISTEMAS INFORMATICOS                                                                                    
         4 MATEMATICA FUNDAMENTAL                                                1 ALGEBRA                                                                                                              

8 rows selected.

SQL> SELECT *
  2  FROM DEPARTAMENTO DE NATURAL JOIN AREA ARE;

        CD D                                                                   CAR AR                                                                                                                   
---------- ------------------------------------------------------------ ---------- ------------------------------------------------------------                                                         
         1 ANALISIS MATEMATICO                                                   5 DIDACTICA DE LA MATEMATICA                                                                                           
         1 ANALISIS MATEMATICO                                                   2 ANALISIS MATEMATICO                                                                                                  
         1 ANALISIS MATEMATICO                                                   8 MATEMATICA APLICADA                                                                                                  
         2 ASTROFISICA                                                           3 ASTRONOMIA Y ASTROFISICA                                                                                             
         3 ESTADISTICA, INVESTIGACION OPERATIVA Y COMPUTACION                    4 CIENCIAS DE LA COMPUTACION E INTELIGENCIA ARTIFICIAL                                                                 
         3 ESTADISTICA, INVESTIGACION OPERATIVA Y COMPUTACION                    6 ESTADISTICA E INVESTIGACION OPERATIVA                                                                                
         3 ESTADISTICA, INVESTIGACION OPERATIVA Y COMPUTACION                    7 LENGUAJES Y SISTEMAS INFORMATICOS                                                                                    
         4 MATEMATICA FUNDAMENTAL                                                1 ALGEBRA                                                                                                              

8 rows selected.

SQL> SELECT *
  2  FROM DEPARTAMENTO DE NATURAL JOIN AREA ARE
  3  WHERE DE.D LIKE 'A%';

        CD D                                                                   CAR AR                                                                                                                   
---------- ------------------------------------------------------------ ---------- ------------------------------------------------------------                                                         
         1 ANALISIS MATEMATICO                                                   5 DIDACTICA DE LA MATEMATICA                                                                                           
         1 ANALISIS MATEMATICO                                                   2 ANALISIS MATEMATICO                                                                                                  
         1 ANALISIS MATEMATICO                                                   8 MATEMATICA APLICADA                                                                                                  
         2 ASTROFISICA                                                           3 ASTRONOMIA Y ASTROFISICA                                                                                             

SQL> SELECT *
  2  FROM (DEPARTAMENTO  NATURAL JOIN AREA) X
  3  ;
FROM (DEPARTAMENTO  NATURAL JOIN AREA) X
                                       *
ERROR at line 2:
ORA-00933: SQL command not properly ended 


SQL> SELECT *
  2  FROM (DEPARTAMENTO  NATURAL JOIN AREA) AS X;
FROM (DEPARTAMENTO  NATURAL JOIN AREA) AS X
                                       *
ERROR at line 2:
ORA-00933: SQL command not properly ended 


SQL> SELECT *
  2  FROM DEPEARTMENTO INNER JOIN AREA USING CAR;
FROM DEPEARTMENTO INNER JOIN AREA USING CAR
                                        *
ERROR at line 2:
ORA-00905: missing keyword 


SQL> SELECT *
  2  FROM DEPEARTMENTO INNER JOIN AREA USING (CAR);
FROM DEPEARTMENTO INNER JOIN AREA USING (CAR)
     *
ERROR at line 2:
ORA-00942: table or view does not exist 


SQL> SELECT *
  2  FROM DEPARTMENTO INNER JOIN AREA USING (CAR);
FROM DEPARTMENTO INNER JOIN AREA USING (CAR)
     *
ERROR at line 2:
ORA-00942: table or view does not exist 


SQL> SELECT *
  2  FROM DEPARTAMENTO INNER JOIN AREA USING (CAR);
FROM DEPARTAMENTO INNER JOIN AREA USING (CAR)
                                         *
ERROR at line 2:
ORA-00904: "DEPARTAMENTO"."CAR": invalid identifier 


SQL> FROM DEPARTAMENTO INNER JOIN AREA USING CAR;
SP2-0734: unknown command beginning "FROM DEPAR..." - rest of line ignored.
SQL> SELECT *
  2  FROM DEPARTAMENTO INNER JOIN AREA USING CAR;
FROM DEPARTAMENTO INNER JOIN AREA USING CAR
                                        *
ERROR at line 2:
ORA-00905: missing keyword 


SQL> SELECT *
  2  FROM DEPARTAMENTO INNER JOIN AREA USING (CAR);
FROM DEPARTAMENTO INNER JOIN AREA USING (CAR)
                                         *
ERROR at line 2:
ORA-00904: "DEPARTAMENTO"."CAR": invalid identifier 


SQL> SELECT *
  2  FROM DEPARTAMENTO INNER JOIN AREA USING (CD);

        CD D                                                                   CAR AR                                                                                                                   
---------- ------------------------------------------------------------ ---------- ------------------------------------------------------------                                                         
         1 ANALISIS MATEMATICO                                                   5 DIDACTICA DE LA MATEMATICA                                                                                           
         1 ANALISIS MATEMATICO                                                   2 ANALISIS MATEMATICO                                                                                                  
         1 ANALISIS MATEMATICO                                                   8 MATEMATICA APLICADA                                                                                                  
         2 ASTROFISICA                                                           3 ASTRONOMIA Y ASTROFISICA                                                                                             
         3 ESTADISTICA, INVESTIGACION OPERATIVA Y COMPUTACION                    4 CIENCIAS DE LA COMPUTACION E INTELIGENCIA ARTIFICIAL                                                                 
         3 ESTADISTICA, INVESTIGACION OPERATIVA Y COMPUTACION                    6 ESTADISTICA E INVESTIGACION OPERATIVA                                                                                
         3 ESTADISTICA, INVESTIGACION OPERATIVA Y COMPUTACION                    7 LENGUAJES Y SISTEMAS INFORMATICOS                                                                                    
         4 MATEMATICA FUNDAMENTAL                                                1 ALGEBRA                                                                                                              

8 rows selected.

SQL> SELECT *
  2  FROM DEPARTAMENTO INNER JOIN AREA ON (DEPARTAMENTO.CD= AREA.CD);

        CD D                                                                   CAR AR                                                                   CD                                              
---------- ------------------------------------------------------------ ---------- ------------------------------------------------------------ ----------                                              
         1 ANALISIS MATEMATICO                                                   5 DIDACTICA DE LA MATEMATICA                                            1                                              
         1 ANALISIS MATEMATICO                                                   2 ANALISIS MATEMATICO                                                   1                                              
         1 ANALISIS MATEMATICO                                                   8 MATEMATICA APLICADA                                                   1                                              
         2 ASTROFISICA                                                           3 ASTRONOMIA Y ASTROFISICA                                              2                                              
         3 ESTADISTICA, INVESTIGACION OPERATIVA Y COMPUTACION                    4 CIENCIAS DE LA COMPUTACION E INTELIGENCIA ARTIFICIAL                  3                                              
         3 ESTADISTICA, INVESTIGACION OPERATIVA Y COMPUTACION                    6 ESTADISTICA E INVESTIGACION OPERATIVA                                 3                                              
         3 ESTADISTICA, INVESTIGACION OPERATIVA Y COMPUTACION                    7 LENGUAJES Y SISTEMAS INFORMATICOS                                     3                                              
         4 MATEMATICA FUNDAMENTAL                                                1 ALGEBRA                                                               4                                              

8 rows selected.

SQL> SELECT A
  2  FROM ASIGNATRUA ASI NATURAL JOIN AREA ARE
  3  WHERE A LIKE 'A=%';
FROM ASIGNATRUA ASI NATURAL JOIN AREA ARE
     *
ERROR at line 2:
ORA-00942: table or view does not exist 


SQL> SELECT A
  2  FROM ASIGNATURA ASI NATURAL JOIN AREA ARE
  3  WHERE A LIKE 'A=%';

no rows selected

SQL> SELECT A
  2  FROM ASIGNATURA ASI NATURAL JOIN AREA ARE
  3  WHERE ASI.A LIKE 'A%';

A                                                                                                                                                                                                       
--------------------------------------------------                                                                                                                                                      
ALMACENES DE DATOS                                                                                                                                                                                      
ALGEBRA                                                                                                                                                                                                 
ASTRONOMIA                                                                                                                                                                                              
ANALISIS COMPLEJO                                                                                                                                                                                       

SQL> SELECT A
  2  FROM ASIGNATURA ASI NATURAL JOIN AREA ARE ON (ASI.CAR=ARE.CAR)
  3  WHERE ARE.AR LIKE 'A%';
FROM ASIGNATURA ASI NATURAL JOIN AREA ARE ON (ASI.CAR=ARE.CAR)
                                          *
ERROR at line 2:
ORA-00933: SQL command not properly ended 


SQL> SELECT A
  2  FROM ASIGNATURA ASI NATURAL JOIN AREA ARE ON ASI.CAR=ARE.CAR
  3  WHERE ARE.AR LIKE 'A%';
FROM ASIGNATURA ASI NATURAL JOIN AREA ARE ON ASI.CAR=ARE.CAR
                                          *
ERROR at line 2:
ORA-00933: SQL command not properly ended 


SQL> SELECT A
  2  FROM ASIGNATURA ASI NATURAL JOIN AREA ARE ;

A                                                                                                                                                                                                       
--------------------------------------------------                                                                                                                                                      
BASE DE DATOS                                                                                                                                                                                           
INTELIGENCIA ARTIFICIAL                                                                                                                                                                                 
ALMACENES DE DATOS                                                                                                                                                                                      
MINERIA DE DATOS                                                                                                                                                                                        
INFORMATICA BASICA                                                                                                                                                                                      
ALGEBRA                                                                                                                                                                                                 
CALCULO                                                                                                                                                                                                 
OPTIMIZACION                                                                                                                                                                                            
GESTION DE RIESGOS                                                                                                                                                                                      
ASTRONOMIA                                                                                                                                                                                              
ENSENANZA DE LA MATEMATICA                                                                                                                                                                              
ANALISIS COMPLEJO                                                                                                                                                                                       

12 rows selected.

SQL> SELECT *
  2  FROM ASIGNATURA ASI NATURAL JOIN AREA ARE ;

       CAR        CAS A                                                  T           CUR         CT         CP         CL AR                                                                   CD       
---------- ---------- -------------------------------------------------- ---- ---------- ---------- ---------- ---------- ------------------------------------------------------------ ----------       
         1          6 ALGEBRA                                            GII           1          3          3          0 ALGEBRA                                                               4       
         2         12 ANALISIS COMPLEJO                                  GM            4        4.5          3          0 ANALISIS MATEMATICO                                                   1       
         3         10 ASTRONOMIA                                         GF            2          3        1.5        1.5 ASTRONOMIA Y ASTROFISICA                                              2       
         4          9 GESTION DE RIESGOS                                 GII           3          3          0          3 CIENCIAS DE LA COMPUTACION E INTELIGENCIA ARTIFICIAL                  3       
         4          2 INTELIGENCIA ARTIFICIAL                            GII           3        1.5        1.5          3 CIENCIAS DE LA COMPUTACION E INTELIGENCIA ARTIFICIAL                  3       
         5         11 ENSENANZA DE LA MATEMATICA                         GM            2          6          0          0 DIDACTICA DE LA MATEMATICA                                            1       
         6          8 OPTIMIZACION                                       GII           1          3        1.5        1.5 ESTADISTICA E INVESTIGACION OPERATIVA                                 3       
         7          5 INFORMATICA BASICA                                 GII           1          3        1.5        1.5 LENGUAJES Y SISTEMAS INFORMATICOS                                     3       
         7          4 MINERIA DE DATOS                                   MII           1        1.5          0        1.5 LENGUAJES Y SISTEMAS INFORMATICOS                                     3       
         7          3 ALMACENES DE DATOS                                 MII           1        1.5          0        1.5 LENGUAJES Y SISTEMAS INFORMATICOS                                     3       
         7          1 BASE DE DATOS                                      GII           3          3        1.5        1.5 LENGUAJES Y SISTEMAS INFORMATICOS                                     3       
         8          7 CALCULO                                            GII           1          3          3          0 MATEMATICA APLICADA                                                   1       

12 rows selected.

SQL> SET LINESIZE 130
SQL> RUN
  1  SELECT *
  2* FROM ASIGNATURA ASI NATURAL JOIN AREA ARE 

       CAR        CAS A                                                  T           CUR         CT         CP         CL         
---------- ---------- -------------------------------------------------- ---- ---------- ---------- ---------- ----------         
AR                                                                   CD                                                           
------------------------------------------------------------ ----------                                                           
         1          6 ALGEBRA                                            GII           1          3          3          0         
ALGEBRA                                                               4                                                           
                                                                                                                                  
         2         12 ANALISIS COMPLEJO                                  GM            4        4.5          3          0         
ANALISIS MATEMATICO                                                   1                                                           
                                                                                                                                  
         3         10 ASTRONOMIA                                         GF            2          3        1.5        1.5         
ASTRONOMIA Y ASTROFISICA                                              2                                                           
                                                                                                                                  
         4          9 GESTION DE RIESGOS                                 GII           3          3          0          3         
CIENCIAS DE LA COMPUTACION E INTELIGENCIA ARTIFICIAL                  3                                                           
                                                                                                                                  
         4          2 INTELIGENCIA ARTIFICIAL                            GII           3        1.5        1.5          3         
CIENCIAS DE LA COMPUTACION E INTELIGENCIA ARTIFICIAL                  3                                                           
                                                                                                                                  

       CAR        CAS A                                                  T           CUR         CT         CP         CL         
---------- ---------- -------------------------------------------------- ---- ---------- ---------- ---------- ----------         
AR                                                                   CD                                                           
------------------------------------------------------------ ----------                                                           
         5         11 ENSENANZA DE LA MATEMATICA                         GM            2          6          0          0         
DIDACTICA DE LA MATEMATICA                                            1                                                           
                                                                                                                                  
         6          8 OPTIMIZACION                                       GII           1          3        1.5        1.5         
ESTADISTICA E INVESTIGACION OPERATIVA                                 3                                                           
                                                                                                                                  
         7          5 INFORMATICA BASICA                                 GII           1          3        1.5        1.5         
LENGUAJES Y SISTEMAS INFORMATICOS                                     3                                                           
                                                                                                                                  
         7          4 MINERIA DE DATOS                                   MII           1        1.5          0        1.5         
LENGUAJES Y SISTEMAS INFORMATICOS                                     3                                                           
                                                                                                                                  
         7          3 ALMACENES DE DATOS                                 MII           1        1.5          0        1.5         
LENGUAJES Y SISTEMAS INFORMATICOS                                     3                                                           
                                                                                                                                  

       CAR        CAS A                                                  T           CUR         CT         CP         CL         
---------- ---------- -------------------------------------------------- ---- ---------- ---------- ---------- ----------         
AR                                                                   CD                                                           
------------------------------------------------------------ ----------                                                           
         7          1 BASE DE DATOS                                      GII           3          3        1.5        1.5         
LENGUAJES Y SISTEMAS INFORMATICOS                                     3                                                           
                                                                                                                                  
         8          7 CALCULO                                            GII           1          3          3          0         
MATEMATICA APLICADA                                                   1                                                           
                                                                                                                                  

12 rows selected.

SQL> SET LINESIZE 100
SQL> RUN
  1  SELECT *
  2* FROM ASIGNATURA ASI NATURAL JOIN AREA ARE 

       CAR        CAS A                                                  T           CUR         CT 
---------- ---------- -------------------------------------------------- ---- ---------- ---------- 
        CP         CL AR                                                                   CD       
---------- ---------- ------------------------------------------------------------ ----------       
         1          6 ALGEBRA                                            GII           1          3 
         3          0 ALGEBRA                                                               4       
                                                                                                    
         2         12 ANALISIS COMPLEJO                                  GM            4        4.5 
         3          0 ANALISIS MATEMATICO                                                   1       
                                                                                                    
         3         10 ASTRONOMIA                                         GF            2          3 
       1.5        1.5 ASTRONOMIA Y ASTROFISICA                                              2       
                                                                                                    
         4          9 GESTION DE RIESGOS                                 GII           3          3 
         0          3 CIENCIAS DE LA COMPUTACION E INTELIGENCIA ARTIFICIAL                  3       
                                                                                                    
         4          2 INTELIGENCIA ARTIFICIAL                            GII           3        1.5 
       1.5          3 CIENCIAS DE LA COMPUTACION E INTELIGENCIA ARTIFICIAL                  3       
                                                                                                    

       CAR        CAS A                                                  T           CUR         CT 
---------- ---------- -------------------------------------------------- ---- ---------- ---------- 
        CP         CL AR                                                                   CD       
---------- ---------- ------------------------------------------------------------ ----------       
         5         11 ENSENANZA DE LA MATEMATICA                         GM            2          6 
         0          0 DIDACTICA DE LA MATEMATICA                                            1       
                                                                                                    
         6          8 OPTIMIZACION                                       GII           1          3 
       1.5        1.5 ESTADISTICA E INVESTIGACION OPERATIVA                                 3       
                                                                                                    
         7          5 INFORMATICA BASICA                                 GII           1          3 
       1.5        1.5 LENGUAJES Y SISTEMAS INFORMATICOS                                     3       
                                                                                                    
         7          4 MINERIA DE DATOS                                   MII           1        1.5 
         0        1.5 LENGUAJES Y SISTEMAS INFORMATICOS                                     3       
                                                                                                    
         7          3 ALMACENES DE DATOS                                 MII           1        1.5 
         0        1.5 LENGUAJES Y SISTEMAS INFORMATICOS                                     3       
                                                                                                    

       CAR        CAS A                                                  T           CUR         CT 
---------- ---------- -------------------------------------------------- ---- ---------- ---------- 
        CP         CL AR                                                                   CD       
---------- ---------- ------------------------------------------------------------ ----------       
         7          1 BASE DE DATOS                                      GII           3          3 
       1.5        1.5 LENGUAJES Y SISTEMAS INFORMATICOS                                     3       
                                                                                                    
         8          7 CALCULO                                            GII           1          3 
         3          0 MATEMATICA APLICADA                                                   1       
                                                                                                    

12 rows selected.

SQL> SET LINESIZE 80
SQL> RUN
  1  SELECT *
  2* FROM ASIGNATURA ASI NATURAL JOIN AREA ARE 

       CAR        CAS A                                                  T      
---------- ---------- -------------------------------------------------- ----   
       CUR         CT         CP         CL                                     
---------- ---------- ---------- ----------                                     
AR                                                                   CD         
------------------------------------------------------------ ----------         
         1          6 ALGEBRA                                            GII    
         1          3          3          0                                     
ALGEBRA                                                               4         
                                                                                
         2         12 ANALISIS COMPLEJO                                  GM     
         4        4.5          3          0                                     
ANALISIS MATEMATICO                                                   1         
                                                                                
         3         10 ASTRONOMIA                                         GF     
         2          3        1.5        1.5                                     
ASTRONOMIA Y ASTROFISICA                                              2         
                                                                                
         4          9 GESTION DE RIESGOS                                 GII    

       CAR        CAS A                                                  T      
---------- ---------- -------------------------------------------------- ----   
       CUR         CT         CP         CL                                     
---------- ---------- ---------- ----------                                     
AR                                                                   CD         
------------------------------------------------------------ ----------         
         3          3          0          3                                     
CIENCIAS DE LA COMPUTACION E INTELIGENCIA ARTIFICIAL                  3         
                                                                                
         4          2 INTELIGENCIA ARTIFICIAL                            GII    
         3        1.5        1.5          3                                     
CIENCIAS DE LA COMPUTACION E INTELIGENCIA ARTIFICIAL                  3         
                                                                                
         5         11 ENSENANZA DE LA MATEMATICA                         GM     
         2          6          0          0                                     
DIDACTICA DE LA MATEMATICA                                            1         
                                                                                
         6          8 OPTIMIZACION                                       GII    
         1          3        1.5        1.5                                     

       CAR        CAS A                                                  T      
---------- ---------- -------------------------------------------------- ----   
       CUR         CT         CP         CL                                     
---------- ---------- ---------- ----------                                     
AR                                                                   CD         
------------------------------------------------------------ ----------         
ESTADISTICA E INVESTIGACION OPERATIVA                                 3         
                                                                                
         7          5 INFORMATICA BASICA                                 GII    
         1          3        1.5        1.5                                     
LENGUAJES Y SISTEMAS INFORMATICOS                                     3         
                                                                                
         7          4 MINERIA DE DATOS                                   MII    
         1        1.5          0        1.5                                     
LENGUAJES Y SISTEMAS INFORMATICOS                                     3         
                                                                                
         7          3 ALMACENES DE DATOS                                 MII    
         1        1.5          0        1.5                                     
LENGUAJES Y SISTEMAS INFORMATICOS                                     3         

       CAR        CAS A                                                  T      
---------- ---------- -------------------------------------------------- ----   
       CUR         CT         CP         CL                                     
---------- ---------- ---------- ----------                                     
AR                                                                   CD         
------------------------------------------------------------ ----------         
                                                                                
         7          1 BASE DE DATOS                                      GII    
         3          3        1.5        1.5                                     
LENGUAJES Y SISTEMAS INFORMATICOS                                     3         
                                                                                
         8          7 CALCULO                                            GII    
         1          3          3          0                                     
MATEMATICA APLICADA                                                   1         
                                                                                

12 rows selected.

SQL> 
SQL> SET LINESIZE 50
SQL> RUN
  1  SELECT *
  2* FROM ASIGNATURA ASI NATURAL JOIN AREA ARE 

       CAR        CAS                             
---------- ----------                             
A                                                 
--------------------------------------------------
T           CUR         CT         CP         CL  
---- ---------- ---------- ---------- ----------  
AR                                                
--------------------------------------------------
        CD                                        
----------                                        
         1          6                             
ALGEBRA                                           
GII           1          3          3          0  
ALGEBRA                                           
         4                                        
                                                  
         2         12                             
ANALISIS COMPLEJO                                 
GM            4        4.5          3          0  

       CAR        CAS                             
---------- ----------                             
A                                                 
--------------------------------------------------
T           CUR         CT         CP         CL  
---- ---------- ---------- ---------- ----------  
AR                                                
--------------------------------------------------
        CD                                        
----------                                        
ANALISIS MATEMATICO                               
         1                                        
                                                  
         3         10                             
ASTRONOMIA                                        
GF            2          3        1.5        1.5  
ASTRONOMIA Y ASTROFISICA                          
         2                                        
                                                  

       CAR        CAS                             
---------- ----------                             
A                                                 
--------------------------------------------------
T           CUR         CT         CP         CL  
---- ---------- ---------- ---------- ----------  
AR                                                
--------------------------------------------------
        CD                                        
----------                                        
         4          9                             
GESTION DE RIESGOS                                
GII           3          3          0          3  
CIENCIAS DE LA COMPUTACION E INTELIGENCIA ARTIFICI
AL                                                
         3                                        
                                                  
         4          2                             
INTELIGENCIA ARTIFICIAL                           

       CAR        CAS                             
---------- ----------                             
A                                                 
--------------------------------------------------
T           CUR         CT         CP         CL  
---- ---------- ---------- ---------- ----------  
AR                                                
--------------------------------------------------
        CD                                        
----------                                        
GII           3        1.5        1.5          3  
CIENCIAS DE LA COMPUTACION E INTELIGENCIA ARTIFICI
AL                                                
         3                                        
                                                  
         5         11                             
ENSENANZA DE LA MATEMATICA                        
GM            2          6          0          0  
DIDACTICA DE LA MATEMATICA                        

       CAR        CAS                             
---------- ----------                             
A                                                 
--------------------------------------------------
T           CUR         CT         CP         CL  
---- ---------- ---------- ---------- ----------  
AR                                                
--------------------------------------------------
        CD                                        
----------                                        
         1                                        
                                                  
         6          8                             
OPTIMIZACION                                      
GII           1          3        1.5        1.5  
ESTADISTICA E INVESTIGACION OPERATIVA             
         3                                        
                                                  
         7          5                             

       CAR        CAS                             
---------- ----------                             
A                                                 
--------------------------------------------------
T           CUR         CT         CP         CL  
---- ---------- ---------- ---------- ----------  
AR                                                
--------------------------------------------------
        CD                                        
----------                                        
INFORMATICA BASICA                                
GII           1          3        1.5        1.5  
LENGUAJES Y SISTEMAS INFORMATICOS                 
         3                                        
                                                  
         7          4                             
MINERIA DE DATOS                                  
MII           1        1.5          0        1.5  
LENGUAJES Y SISTEMAS INFORMATICOS                 

       CAR        CAS                             
---------- ----------                             
A                                                 
--------------------------------------------------
T           CUR         CT         CP         CL  
---- ---------- ---------- ---------- ----------  
AR                                                
--------------------------------------------------
        CD                                        
----------                                        
         3                                        
                                                  
         7          3                             
ALMACENES DE DATOS                                
MII           1        1.5          0        1.5  
LENGUAJES Y SISTEMAS INFORMATICOS                 
         3                                        
                                                  
         7          1                             

       CAR        CAS                             
---------- ----------                             
A                                                 
--------------------------------------------------
T           CUR         CT         CP         CL  
---- ---------- ---------- ---------- ----------  
AR                                                
--------------------------------------------------
        CD                                        
----------                                        
BASE DE DATOS                                     
GII           3          3        1.5        1.5  
LENGUAJES Y SISTEMAS INFORMATICOS                 
         3                                        
                                                  
         8          7                             
CALCULO                                           
GII           1          3          3          0  
MATEMATICA APLICADA                               

       CAR        CAS                             
---------- ----------                             
A                                                 
--------------------------------------------------
T           CUR         CT         CP         CL  
---- ---------- ---------- ---------- ----------  
AR                                                
--------------------------------------------------
        CD                                        
----------                                        
         1                                        
                                                  

12 rows selected.

SQL> SET LINESIZE 150
SQL> RUN
  1  SELECT *
  2* FROM ASIGNATURA ASI NATURAL JOIN AREA ARE 

       CAR        CAS A                                                  T           CUR         CT         CP         CL                             
---------- ---------- -------------------------------------------------- ---- ---------- ---------- ---------- ----------                             
AR                                                                   CD                                                                               
------------------------------------------------------------ ----------                                                                               
         1          6 ALGEBRA                                            GII           1          3          3          0                             
ALGEBRA                                                               4                                                                               
                                                                                                                                                      
         2         12 ANALISIS COMPLEJO                                  GM            4        4.5          3          0                             
ANALISIS MATEMATICO                                                   1                                                                               
                                                                                                                                                      
         3         10 ASTRONOMIA                                         GF            2          3        1.5        1.5                             
ASTRONOMIA Y ASTROFISICA                                              2                                                                               
                                                                                                                                                      
         4          9 GESTION DE RIESGOS                                 GII           3          3          0          3                             
CIENCIAS DE LA COMPUTACION E INTELIGENCIA ARTIFICIAL                  3                                                                               
                                                                                                                                                      
         4          2 INTELIGENCIA ARTIFICIAL                            GII           3        1.5        1.5          3                             
CIENCIAS DE LA COMPUTACION E INTELIGENCIA ARTIFICIAL                  3                                                                               
                                                                                                                                                      

       CAR        CAS A                                                  T           CUR         CT         CP         CL                             
---------- ---------- -------------------------------------------------- ---- ---------- ---------- ---------- ----------                             
AR                                                                   CD                                                                               
------------------------------------------------------------ ----------                                                                               
         5         11 ENSENANZA DE LA MATEMATICA                         GM            2          6          0          0                             
DIDACTICA DE LA MATEMATICA                                            1                                                                               
                                                                                                                                                      
         6          8 OPTIMIZACION                                       GII           1          3        1.5        1.5                             
ESTADISTICA E INVESTIGACION OPERATIVA                                 3                                                                               
                                                                                                                                                      
         7          5 INFORMATICA BASICA                                 GII           1          3        1.5        1.5                             
LENGUAJES Y SISTEMAS INFORMATICOS                                     3                                                                               
                                                                                                                                                      
         7          4 MINERIA DE DATOS                                   MII           1        1.5          0        1.5                             
LENGUAJES Y SISTEMAS INFORMATICOS                                     3                                                                               
                                                                                                                                                      
         7          3 ALMACENES DE DATOS                                 MII           1        1.5          0        1.5                             
LENGUAJES Y SISTEMAS INFORMATICOS                                     3                                                                               
                                                                                                                                                      

       CAR        CAS A                                                  T           CUR         CT         CP         CL                             
---------- ---------- -------------------------------------------------- ---- ---------- ---------- ---------- ----------                             
AR                                                                   CD                                                                               
------------------------------------------------------------ ----------                                                                               
         7          1 BASE DE DATOS                                      GII           3          3        1.5        1.5                             
LENGUAJES Y SISTEMAS INFORMATICOS                                     3                                                                               
                                                                                                                                                      
         8          7 CALCULO                                            GII           1          3          3          0                             
MATEMATICA APLICADA                                                   1                                                                               
                                                                                                                                                      

12 rows selected.

SQL> SELECT A
  2  FROM ASIGNATURA ASI NATURAL JOIN AREA ARE
  3  WHERE ARE.AR LIKE 'A%';

A                                                                                                                                                     
--------------------------------------------------                                                                                                    
ALGEBRA                                                                                                                                               
ANALISIS COMPLEJO                                                                                                                                     
ASTRONOMIA                                                                                                                                            

SQL> SELECT A
  2  FROM ASIGNATURA ASI NATURAL JOIN AREA ARE
  3  WHERE ARE.AR LIKE '%A';

A                                                                                                                                                     
--------------------------------------------------                                                                                                    
ALGEBRA                                                                                                                                               
ASTRONOMIA                                                                                                                                            
ENSENANZA DE LA MATEMATICA                                                                                                                            
OPTIMIZACION                                                                                                                                          
CALCULO                                                                                                                                               

SQL> SELECT A
  2  FROM ASIGNATURA
  3  WHERE A LIKE '%DATOS%'
  4  ;

A                                                                                                                                                     
--------------------------------------------------                                                                                                    
BASE DE DATOS                                                                                                                                         
ALMACENES DE DATOS                                                                                                                                    
MINERIA DE DATOS                                                                                                                                      

SQL> SELECT DNI
  2  FROM PROFESOR
  3  WHERE P LIKE [A-Z]^[A-Z]^'R%'
  4  ;
WHERE P LIKE [A-Z]^[A-Z]^'R%'
             *
ERROR at line 3:
ORA-00936: missing expression 


SQL> COMMIT WORK
  2  ;

Commit complete.

SQL> SPOOL OFF
