SQL> 1
SP2-0223: No lines in SQL buffer.
SQL> SELECT *
  2  FROM  PROFESOR;

       DNI P                                                                    
---------- ------------------------------------------------------------         
       CAR CAT                                                                  
---------- -----                                                                
      1111 JUAN                                                                 
         6 CU                                                                   
                                                                                
      2222 CARLOS                                                               
         7 TU                                                                   
                                                                                
      3333 PEDRO                                                                
         4 TEU                                                                  
                                                                                

       DNI P                                                                    
---------- ------------------------------------------------------------         
       CAR CAT                                                                  
---------- -----                                                                
      4444 MARIA                                                                
         7 TU                                                                   
                                                                                
      5555 IVAN                                                                 
         1 CEU                                                                  
                                                                                
      6666 CARMEN                                                               
         3 CD                                                                   
                                                                                

       DNI P                                                                    
---------- ------------------------------------------------------------         
       CAR CAT                                                                  
---------- -----                                                                
      7777 MARIO                                                                
         2 TU                                                                   
                                                                                
      8888 FRANCISCO                                                            
         5 TU                                                                   
                                                                                
      9999 ANGELA                                                               
         8 TEU                                                                  
                                                                                

       DNI P                                                                    
---------- ------------------------------------------------------------         
       CAR CAT                                                                  
---------- -----                                                                
      1010 DAVID                                                                
         4 TU                                                                   
                                                                                
      2020 SOLEDAD                                                              
         7 CU                                                                   
                                                                                
      3030 JOSE MANUEL                                                          
         6 TEU                                                                  
                                                                                

12 rows selected.

SQL> LINESIZE 100
SP2-0734: unknown command beginning "LINESIZE 1..." - rest of line ignored.
SQL> SET LINESIZE 100
SQL> RUN
  1  SELECT *
  2* FROM  PROFESOR

       DNI P                                                                   CAR CAT              
---------- ------------------------------------------------------------ ---------- -----            
      1111 JUAN                                                                  6 CU               
      2222 CARLOS                                                                7 TU               
      3333 PEDRO                                                                 4 TEU              
      4444 MARIA                                                                 7 TU               
      5555 IVAN                                                                  1 CEU              
      6666 CARMEN                                                                3 CD               
      7777 MARIO                                                                 2 TU               
      8888 FRANCISCO                                                             5 TU               
      9999 ANGELA                                                                8 TEU              
      1010 DAVID                                                                 4 TU               
      2020 SOLEDAD                                                               7 CU               

       DNI P                                                                   CAR CAT              
---------- ------------------------------------------------------------ ---------- -----            
      3030 JOSE MANUEL                                                           6 TEU              

12 rows selected.

SQL> SET LINESIZE 80
SQL> RUN+
  1  SELECT *
  2* FROM  PROFESOR

       DNI P                                                                    
---------- ------------------------------------------------------------         
       CAR CAT                                                                  
---------- -----                                                                
      1111 JUAN                                                                 
         6 CU                                                                   
                                                                                
      2222 CARLOS                                                               
         7 TU                                                                   
                                                                                
      3333 PEDRO                                                                
         4 TEU                                                                  
                                                                                

       DNI P                                                                    
---------- ------------------------------------------------------------         
       CAR CAT                                                                  
---------- -----                                                                
      4444 MARIA                                                                
         7 TU                                                                   
                                                                                
      5555 IVAN                                                                 
         1 CEU                                                                  
                                                                                
      6666 CARMEN                                                               
         3 CD                                                                   
                                                                                

       DNI P                                                                    
---------- ------------------------------------------------------------         
       CAR CAT                                                                  
---------- -----                                                                
      7777 MARIO                                                                
         2 TU                                                                   
                                                                                
      8888 FRANCISCO                                                            
         5 TU                                                                   
                                                                                
      9999 ANGELA                                                               
         8 TEU                                                                  
                                                                                

       DNI P                                                                    
---------- ------------------------------------------------------------         
       CAR CAT                                                                  
---------- -----                                                                
      1010 DAVID                                                                
         4 TU                                                                   
                                                                                
      2020 SOLEDAD                                                              
         7 CU                                                                   
                                                                                
      3030 JOSE MANUEL                                                          
         6 TEU                                                                  
                                                                                

12 rows selected.

SQL> RUN
  1  SELECT *
  2* FROM  PROFESOR

       DNI P                                                                    
---------- ------------------------------------------------------------         
       CAR CAT                                                                  
---------- -----                                                                
      1111 JUAN                                                                 
         6 CU                                                                   
                                                                                
      2222 CARLOS                                                               
         7 TU                                                                   
                                                                                
      3333 PEDRO                                                                
         4 TEU                                                                  
                                                                                

       DNI P                                                                    
---------- ------------------------------------------------------------         
       CAR CAT                                                                  
---------- -----                                                                
      4444 MARIA                                                                
         7 TU                                                                   
                                                                                
      5555 IVAN                                                                 
         1 CEU                                                                  
                                                                                
      6666 CARMEN                                                               
         3 CD                                                                   
                                                                                

       DNI P                                                                    
---------- ------------------------------------------------------------         
       CAR CAT                                                                  
---------- -----                                                                
      7777 MARIO                                                                
         2 TU                                                                   
                                                                                
      8888 FRANCISCO                                                            
         5 TU                                                                   
                                                                                
      9999 ANGELA                                                               
         8 TEU                                                                  
                                                                                

       DNI P                                                                    
---------- ------------------------------------------------------------         
       CAR CAT                                                                  
---------- -----                                                                
      1010 DAVID                                                                
         4 TU                                                                   
                                                                                
      2020 SOLEDAD                                                              
         7 CU                                                                   
                                                                                
      3030 JOSE MANUEL                                                          
         6 TEU                                                                  
                                                                                

12 rows selected.

SQL> SET LINESIZE 90
SQL> RUN
  1  SELECT *
  2* FROM  PROFESOR

       DNI P                                                                   CAR CAT    
---------- ------------------------------------------------------------ ---------- -----  
      1111 JUAN                                                                  6 CU     
      2222 CARLOS                                                                7 TU     
      3333 PEDRO                                                                 4 TEU    
      4444 MARIA                                                                 7 TU     
      5555 IVAN                                                                  1 CEU    
      6666 CARMEN                                                                3 CD     
      7777 MARIO                                                                 2 TU     
      8888 FRANCISCO                                                             5 TU     
      9999 ANGELA                                                                8 TEU    
      1010 DAVID                                                                 4 TU     
      2020 SOLEDAD                                                               7 CU     

       DNI P                                                                   CAR CAT    
---------- ------------------------------------------------------------ ---------- -----  
      3030 JOSE MANUEL                                                           6 TEU    

12 rows selected.

SQL> INSERT INTO PROFESOR
  2  VALUES(4040,'CARMELO',7,TU);
VALUES(4040,'CARMELO',7,TU)
                        *
ERROR at line 2:
ORA-00984: column not allowed here 


SQL> INSERT INTO PROFESOR
  2  VALUES(4040,'CARMELO',7,'TU');

1 row created.

SQL> 3
SP2-0226: Invalid line number 
SQL> SELECT *
  2  FROM PROFESOR;

       DNI P                                                                   CAR CAT    
---------- ------------------------------------------------------------ ---------- -----  
      1111 JUAN                                                                  6 CU     
      2222 CARLOS                                                                7 TU     
      3333 PEDRO                                                                 4 TEU    
      4444 MARIA                                                                 7 TU     
      5555 IVAN                                                                  1 CEU    
      6666 CARMEN                                                                3 CD     
      7777 MARIO                                                                 2 TU     
      8888 FRANCISCO                                                             5 TU     
      9999 ANGELA                                                                8 TEU    
      1010 DAVID                                                                 4 TU     
      2020 SOLEDAD                                                               7 CU     

       DNI P                                                                   CAR CAT    
---------- ------------------------------------------------------------ ---------- -----  
      3030 JOSE MANUEL                                                           6 TEU    
      4040 CARMELO                                                               7 TU     

13 rows selected.

SQL> 4
SP2-0226: Invalid line number 
SQL> DELETE
  2  FROM PROFESOR
  3  WHERE DNI=4040;

1 row deleted.

SQL> 5
SP2-0226: Invalid line number 
SQL> SELECT *
  2  FROM PROFESOR;

       DNI P                                                                   CAR CAT    
---------- ------------------------------------------------------------ ---------- -----  
      1111 JUAN                                                                  6 CU     
      2222 CARLOS                                                                7 TU     
      3333 PEDRO                                                                 4 TEU    
      4444 MARIA                                                                 7 TU     
      5555 IVAN                                                                  1 CEU    
      6666 CARMEN                                                                3 CD     
      7777 MARIO                                                                 2 TU     
      8888 FRANCISCO                                                             5 TU     
      9999 ANGELA                                                                8 TEU    
      1010 DAVID                                                                 4 TU     
      2020 SOLEDAD                                                               7 CU     

       DNI P                                                                   CAR CAT    
---------- ------------------------------------------------------------ ---------- -----  
      3030 JOSE MANUEL                                                           6 TEU    

12 rows selected.

SQL> 6
SP2-0226: Invalid line number 
SQL> INSERT INTO PROFESOR
  2  VALUES(4040,'CARMELO',7,'TU');

1 row created.

SQL> 7
SP2-0226: Invalid line number 
SQL> COMMIT WORK
  2  ;

Commit complete.

SQL> 8
SP2-0226: Invalid line number 
SQL> INSERT INTO PROFESOR
  2  VALUES(5050,'CARINA',9,'CEU');
INSERT INTO PROFESOR
*
ERROR at line 1:
ORA-02291: integrity constraint (ALU0101020730.SYS_C0072232) violated - parent key not 
found 


SQL> 9
SP2-0226: Invalid line number 
SQL> INSERT INTO PROFESOR
  2  VALUES(5050,'CARINA',8,'CEU');

1 row created.

SQL> 10
SP2-0226: Invalid line number 
SQL> SELECT *
  2  FROM PROFESOR;

       DNI P                                                                   CAR CAT    
---------- ------------------------------------------------------------ ---------- -----  
      1111 JUAN                                                                  6 CU     
      2222 CARLOS                                                                7 TU     
      3333 PEDRO                                                                 4 TEU    
      4444 MARIA                                                                 7 TU     
      5555 IVAN                                                                  1 CEU    
      6666 CARMEN                                                                3 CD     
      7777 MARIO                                                                 2 TU     
      8888 FRANCISCO                                                             5 TU     
      9999 ANGELA                                                                8 TEU    
      1010 DAVID                                                                 4 TU     
      2020 SOLEDAD                                                               7 CU     

       DNI P                                                                   CAR CAT    
---------- ------------------------------------------------------------ ---------- -----  
      3030 JOSE MANUEL                                                           6 TEU    
      4040 CARMELO                                                               7 TU     
      5050 CARINA                                                                8 CEU    

14 rows selected.

SQL> COMMIT WORK;

Commit complete.

SQL> ESO FUE EL 14
SP2-0734: unknown command beginning "ESO FUE EL..." - rest of line ignored.
SQL> 17
SP2-0226: Invalid line number 
SQL> DELETE FROM PROFESOR
  2  WHERE DASDASDASD;
WHERE DASDASDASD
               *
ERROR at line 2:
ORA-00920: invalid relational operator 


SQL> DELETE FROM PLAN_DOCENTE
  2  WHERE DNI=4444;

3 rows deleted.

SQL> 18
SP2-0226: Invalid line number 
SQL> SELECT *
  2  FROM PLAN_DOCENTE
  3  WHERE DNI=4444;

no rows selected

SQL> 19
SP2-0226: Invalid line number 
SQL> SAVEPOINT P1;

Savepoint created.

SQL> DELETE FROM PLAN_DOCENTE
  2  WHERE DNI=1010;

3 rows deleted.

SQL> ESO FUE EL 20
SP2-0734: unknown command beginning "ESO FUE EL..." - rest of line ignored.
SQL> 21
SP2-0226: Invalid line number 
SQL> SAVEPOINT P2;

Savepoint created.

SQL> 22
SP2-0226: Invalid line number 
SQL> DELETE FROM PLAN_DOCENTE
  2  WHERE DNI=2222;

2 rows deleted.

SQL> SELECT *
  2  FROM PLAN_DOCENTE;

       DNI        CAS        CTA        CPA        CLA FI        FF                       
---------- ---------- ---------- ---------- ---------- --------- ---------                
      1111          8          3        1.5        1.5 01-SEP-07 31-AUG-09                
      1111          8          3          0          0 01-SEP-09                          
      3030          8          0        1.5        1.5 01-SEP-09                          
      3333          2        1.5        1.5          3 01-SEP-08                          
      9999          7          3          3          0 01-SEP-10                          
      5555          6          3          3          0 31-MAR-10                          
      6666         10          3        1.5        1.5 01-SEP-08 31-AUG-11                
      8888         11          6          0          0 01-SEP-09                          
      2020          3        1.5          0        1.5 01-SEP-08                          
      7777         12        4.5          3          0 01-SEP-10                          
      3333          9        1.5          0        1.5 01-SEP-09                          

11 rows selected.

SQL> ESO FUE EL 23
SP2-0734: unknown command beginning "ESO FUE EL..." - rest of line ignored.
SQL> 24
SP2-0226: Invalid line number 
SQL> INSERT INTO PLAN_DOCENTE
  2  VALUES(1010,9,1.5,0,1.5, '01-SEP-09', NULL);

1 row created.

SQL> 25
SP2-0226: Invalid line number 
SQL> SELECT *
  2  FROM PLAN_DOCENTE;

       DNI        CAS        CTA        CPA        CLA FI        FF                       
---------- ---------- ---------- ---------- ---------- --------- ---------                
      1111          8          3        1.5        1.5 01-SEP-07 31-AUG-09                
      1111          8          3          0          0 01-SEP-09                          
      3030          8          0        1.5        1.5 01-SEP-09                          
      3333          2        1.5        1.5          3 01-SEP-08                          
      9999          7          3          3          0 01-SEP-10                          
      5555          6          3          3          0 31-MAR-10                          
      6666         10          3        1.5        1.5 01-SEP-08 31-AUG-11                
      8888         11          6          0          0 01-SEP-09                          
      2020          3        1.5          0        1.5 01-SEP-08                          
      7777         12        4.5          3          0 01-SEP-10                          
      3333          9        1.5          0        1.5 01-SEP-09                          

       DNI        CAS        CTA        CPA        CLA FI        FF                       
---------- ---------- ---------- ---------- ---------- --------- ---------                
      1010          9        1.5          0        1.5 01-SEP-09                          

12 rows selected.

SQL> 26
SP2-0226: Invalid line number 
SQL> ROLLBACK WORK TO SAVE POINT P2;
ROLLBACK WORK TO SAVE POINT P2
                      *
ERROR at line 1:
ORA-00933: SQL command not properly ended 


SQL> ROLLBACK WORK TO SAVEPOINT P2;

Rollback complete.

SQL> 27
SP2-0226: Invalid line number 
SQL> SELECT *
  2  FROM PLAN_DOCENTE;

       DNI        CAS        CTA        CPA        CLA FI        FF                       
---------- ---------- ---------- ---------- ---------- --------- ---------                
      1111          8          3        1.5        1.5 01-SEP-07 31-AUG-09                
      1111          8          3          0          0 01-SEP-09                          
      3030          8          0        1.5        1.5 01-SEP-09                          
      2222          4        1.5          0        1.5 01-SEP-09                          
      2222          3        1.5          0        1.5 01-SEP-06 31-AUG-07                
      3333          2        1.5        1.5          3 01-SEP-08                          
      9999          7          3          3          0 01-SEP-10                          
      5555          6          3          3          0 31-MAR-10                          
      6666         10          3        1.5        1.5 01-SEP-08 31-AUG-11                
      8888         11          6          0          0 01-SEP-09                          
      2020          3        1.5          0        1.5 01-SEP-08                          

       DNI        CAS        CTA        CPA        CLA FI        FF                       
---------- ---------- ---------- ---------- ---------- --------- ---------                
      7777         12        4.5          3          0 01-SEP-10                          
      3333          9        1.5          0        1.5 01-SEP-09                          

13 rows selected.

SQL> 28
SP2-0226: Invalid line number 
SQL> ROLLBACK WORK TO SAVEPOINT P1;

Rollback complete.

SQL> 29
SP2-0226: Invalid line number 
SQL> SELECT *
  2  FROM PLAN_DOCENTE;

       DNI        CAS        CTA        CPA        CLA FI        FF                       
---------- ---------- ---------- ---------- ---------- --------- ---------                
      1111          8          3        1.5        1.5 01-SEP-07 31-AUG-09                
      1111          8          3          0          0 01-SEP-09                          
      3030          8          0        1.5        1.5 01-SEP-09                          
      2222          4        1.5          0        1.5 01-SEP-09                          
      2222          3        1.5          0        1.5 01-SEP-06 31-AUG-07                
      1010          2        1.5        1.5          3 01-SEP-05 31-AUG-08                
      3333          2        1.5        1.5          3 01-SEP-08                          
      1010          9          3          0          3 01-SEP-08 31-AUG-09                
      1010          9        1.5          0        1.5 01-SEP-09                          
      9999          7          3          3          0 01-SEP-10                          
      5555          6          3          3          0 31-MAR-10                          

       DNI        CAS        CTA        CPA        CLA FI        FF                       
---------- ---------- ---------- ---------- ---------- --------- ---------                
      6666         10          3        1.5        1.5 01-SEP-08 31-AUG-11                
      8888         11          6          0          0 01-SEP-09                          
      2020          3        1.5          0        1.5 01-SEP-08                          
      7777         12        4.5          3          0 01-SEP-10                          
      3333          9        1.5          0        1.5 01-SEP-09                          

16 rows selected.

SQL> 30
SP2-0226: Invalid line number 
SQL> ROLLBACK WORK;

Rollback complete.

SQL> 31
SP2-0226: Invalid line number 
SQL> SELECT *
  2  FROM PLAN_DOCENTE;

       DNI        CAS        CTA        CPA        CLA FI        FF                       
---------- ---------- ---------- ---------- ---------- --------- ---------                
      4444          1          3        1.5        1.5 01-SEP-11                          
      4444          4        1.5          0        1.5 01-SEP-08 31-AUG-10                
      4444          5          3          0          0 01-SEP-10                          
      1111          8          3        1.5        1.5 01-SEP-07 31-AUG-09                
      1111          8          3          0          0 01-SEP-09                          
      3030          8          0        1.5        1.5 01-SEP-09                          
      2222          4        1.5          0        1.5 01-SEP-09                          
      2222          3        1.5          0        1.5 01-SEP-06 31-AUG-07                
      1010          2        1.5        1.5          3 01-SEP-05 31-AUG-08                
      3333          2        1.5        1.5          3 01-SEP-08                          
      1010          9          3          0          3 01-SEP-08 31-AUG-09                

       DNI        CAS        CTA        CPA        CLA FI        FF                       
---------- ---------- ---------- ---------- ---------- --------- ---------                
      1010          9        1.5          0        1.5 01-SEP-09                          
      9999          7          3          3          0 01-SEP-10                          
      5555          6          3          3          0 31-MAR-10                          
      6666         10          3        1.5        1.5 01-SEP-08 31-AUG-11                
      8888         11          6          0          0 01-SEP-09                          
      2020          3        1.5          0        1.5 01-SEP-08                          
      7777         12        4.5          3          0 01-SEP-10                          
      3333          9        1.5          0        1.5 01-SEP-09                          

19 rows selected.

SQL> SPOOL OFF
